// Jest Snapshot v1, https://goo.gl/fbAQLP

exports[`Button should render correctly 1`] = `
<DocumentFragment>
  <button
    class="button button--primary "
  >
    button text
  </button>
</DocumentFragment>
`;
