// Jest Snapshot v1, https://goo.gl/fbAQLP

exports[`Shopping cart - Page should render cart correctly 1`] = `
<DocumentFragment>
  <div
    class="container"
  >
    <div
      class="cart"
    >
      <h1>
        Carrito
      </h1>
      <div
        class="cart__products"
      >
        <div
          class="cart__products__item"
        >
          <p>
            Huevos - $ 75000 (12)
          </p>
          <div
            class="cart__products__item__actions"
          >
            <div>
              <div
                class="quantity"
              >
                <button
                  class="quantity__button quantity__button--decrement"
                >
                  â€”
                </button>
                <input
                  class="quantity__input"
                  type="text"
                  value="12"
                />
                <button
                  class="quantity__button quantity__button--increment"
                  disabled=""
                >
                  +
                </button>
              </div>
            </div>
            <button
              class="button button--secondary"
            >
              <svg
                class="icon undefined"
                fill="none"
                viewBox="0 0 24 24"
                xmlns="http://www.w3.org/2000/svg"
              >
                <path
                  d="M10 12V17"
                  stroke="#FFFFFF"
                  stroke-linecap="round"
                  stroke-linejoin="round"
                  stroke-width="2"
                />
                <path
                  d="M14 12V17"
                  stroke="#FFFFFF"
                  stroke-linecap="round"
                  stroke-linejoin="round"
                  stroke-width="2"
                />
                <path
                  d="M4 7H20"
                  stroke="#FFFFFF"
                  stroke-linecap="round"
                  stroke-linejoin="round"
                  stroke-width="2"
                />
                <path
                  d="M6 10V18C6 19.6569 7.34315 21 9 21H15C16.6569 21 18 19.6569 18 18V10"
                  stroke="#FFFFFF"
                  stroke-linecap="round"
                  stroke-linejoin="round"
                  stroke-width="2"
                />
                <path
                  d="M9 5C9 3.89543 9.89543 3 11 3H13C14.1046 3 15 3.89543 15 5V7H9V5Z"
                  stroke="#FFFFFF"
                  stroke-linecap="round"
                  stroke-linejoin="round"
                  stroke-width="2"
                />
              </svg>
            </button>
          </div>
        </div>
      </div>
      <div>
        <p>
          Total: $ 900000
        </p>
        <button
          class="button button--primary"
        >
          Comprar
        </button>
      </div>
    </div>
  </div>
</DocumentFragment>
`;
